// Jest Snapshot v1, https://goo.gl/fbAQLP

exports[`should render movie card 1`] = `
<div
  className="movieCard"
>
  <div
    className="movieCard__poster"
  >
    <img
      alt="Fifty Shades Freed"
      src="https://image.tmdb.org/t/p/w500/3kcEGnYBHDeqmdYf8ZRbKdfmlUy.jpg"
    />
  </div>
  <div
    className="movieCard__description"
  >
    <div>
      <div>
        Fifty Shades Freed
      </div>
      <div>
        Drama & Romance
      </div>
    </div>
    <div>
      2018
    </div>
  </div>
</div>
`;

exports[`should render movie list 1`] = `
<div
  className="movieList"
>
  <Link
    key="337167"
    to="/movie/337167"
  >
    <Component
      movie={
        Object {
          "genres": Array [
            "Drama",
            "Romance",
          ],
          "id": "337167",
          "poster_path": "https://image.tmdb.org/t/p/w500/3kcEGnYBHDeqmdYf8ZRbKdfmlUy.jpg",
          "release_date": "2018-02-07",
          "title": "Fifty Shades Freed",
        }
      }
    />
  </Link>
  <Link
    key="337167"
    to="/movie/337167"
  >
    <Component
      movie={
        Object {
          "genres": Array [
            "Drama",
            "Romance",
          ],
          "id": "337167",
          "poster_path": "https://image.tmdb.org/t/p/w500/3kcEGnYBHDeqmdYf8ZRbKdfmlUy.jpg",
          "release_date": "2018-02-07",
          "title": "Fifty Shades Freed",
        }
      }
    />
  </Link>
</div>
`;
