// Jest Snapshot v1, https://goo.gl/fbAQLP

exports[`should render movie description 1`] = `
<div
  className="content"
>
  <div
    className="poster"
  >
    <img
      alt="Fifty Shades Freed"
      src="https://image.tmdb.org/t/p/w500/3kcEGnYBHDeqmdYf8ZRbKdfmlUy.jpg"
    />
  </div>
  <div
    className="description"
  >
    <h3
      className="description__title"
    >
      Fifty Shades Freed
       
      <div
        className="description__rating"
      >
        6.1
      </div>
    </h3>
    <h4
      className="description__subtitle"
    >
      Don't miss the climax
    </h4>
    <div
      className="description__durationRelease"
    >
      <div>
        2018
      </div>
      <div>
        106
         
        min
      </div>
    </div>
    <div
      className="description__overview"
    >
      Believing they have left behind shadowy figures from their past, newlyweds Christian and Ana fully embrace an inextricable connection and shared life of luxury. But just as she steps into her role as Mrs. Grey and he relaxes into an unfamiliar stability, new threats could jeopardize their happy ending before it even begins.
    </div>
  </div>
</div>
`;
