// Jest Snapshot v1, https://goo.gl/fbAQLP

exports[`should render sort button 1`] = `
<button
  className="button button_active"
  onClick={[Function]}
>
  asd
</button>
`;

exports[`should render sort filter 1`] = `
<div
  className="movieSortFilter"
>
  <div>
    <div
      className="movieSortFilter__counter"
    >
      6
       
      movies found
    </div>
    <div
      className="movieSortFilter__filters"
    >
      <div>
        Sort by
      </div>
      <div
        className="movieSortFilter__filterButton"
      >
        <Component
          active={false}
          key="0"
          onClick={[Function]}
          type="sortFilter"
        >
          release date
        </Component>
        <Component
          active={true}
          key="1"
          onClick={[Function]}
          type="sortFilter"
        >
          rating
        </Component>
      </div>
    </div>
  </div>
</div>
`;
